Release 7.1i - xst H.38
Copyright (c) 1995-2005 Xilinx, Inc.  All rights reserved.
--> Parameter TMPDIR set to __projnav
CPU : 0.00 / 3.09 s | Elapsed : 0.00 / 2.00 s
 
--> Parameter xsthdpdir set to ./xst
CPU : 0.00 / 3.09 s | Elapsed : 0.00 / 2.00 s
 
--> Reading design: fourbitadder.prj

TABLE OF CONTENTS
  1) Synthesis Options Summary
  2) HDL Compilation
  3) HDL Analysis
  4) HDL Synthesis
  5) Advanced HDL Synthesis
     5.1) HDL Synthesis Report
  6) Low Level Synthesis
  7) Final Report
     7.1) Device utilization summary
     7.2) TIMING REPORT


=========================================================================
*                      Synthesis Options Summary                        *
=========================================================================
---- Source Parameters
Input File Name                    : "fourbitadder.prj"
Input Format                       : mixed
Ignore Synthesis Constraint File   : NO

---- Target Parameters
Output File Name                   : "fourbitadder"
Output Format                      : NGC
Target Device                      : xc2s200-6-pq208

---- Source Options
Top Module Name                    : fourbitadder
Automatic FSM Extraction           : YES
FSM Encoding Algorithm             : Auto
FSM Style                          : lut
RAM Extraction                     : Yes
RAM Style                          : Auto
ROM Extraction                     : Yes
ROM Style                          : Auto
Mux Extraction                     : YES
Decoder Extraction                 : YES
Priority Encoder Extraction        : YES
Shift Register Extraction          : YES
Logical Shifter Extraction         : YES
XOR Collapsing                     : YES
Resource Sharing                   : YES
Multiplier Style                   : lut
Automatic Register Balancing       : No

---- Target Options
Add IO Buffers                     : YES
Global Maximum Fanout              : 100
Add Generic Clock Buffer(BUFG)     : 4
Register Duplication               : YES
Equivalent register Removal        : YES
Slice Packing                      : YES
Pack IO Registers into IOBs        : auto

---- General Options
Optimization Goal                  : Speed
Optimization Effort                : 1
Keep Hierarchy                     : NO
Global Optimization                : AllClockNets
RTL Output                         : Yes
Write Timing Constraints           : NO
Hierarchy Separator                : /
Bus Delimiter                      : <>
Case Specifier                     : maintain
Slice Utilization Ratio            : 100
Slice Utilization Ratio Delta      : 5

---- Other Options
lso                                : fourbitadder.lso
Read Cores                         : YES
cross_clock_analysis               : NO
verilog2001                        : YES
safe_implementation                : No
Optimize Instantiated Primitives   : NO
tristate2logic                     : Yes
use_clock_enable                   : Yes
use_sync_set                       : Yes
use_sync_reset                     : Yes
enable_auto_floorplanning          : No

=========================================================================


=========================================================================
*                          HDL Compilation                              *
=========================================================================
Compiling verilog file "fourbitadder.v"
Module <halfadder> compiled
Module <tamtoplayici> compiled
Module <fourbitadder> compiled
No errors in compilation
Analysis of file <"fourbitadder.prj"> succeeded.
 

=========================================================================
*                            HDL Analysis                               *
=========================================================================
Analyzing top module <fourbitadder>.
Module <fourbitadder> is correct for synthesis.
 
Analyzing module <tamtoplayici>.
WARNING:Xst:916 - "fourbitadder.v" line 34: Delay is ignored for synthesis.
Module <tamtoplayici> is correct for synthesis.
 
Analyzing module <halfadder>.
WARNING:Xst:916 - "fourbitadder.v" line 24: Delay is ignored for synthesis.
WARNING:Xst:916 - "fourbitadder.v" line 25: Delay is ignored for synthesis.
Module <halfadder> is correct for synthesis.
 

=========================================================================
*                           HDL Synthesis                               *
=========================================================================

Synthesizing Unit <halfadder>.
    Related source file is "fourbitadder.v".
    Found 1-bit xor2 for signal <S>.
Unit <halfadder> synthesized.


Synthesizing Unit <tamtoplayici>.
    Related source file is "fourbitadder.v".
Unit <tamtoplayici> synthesized.


Synthesizing Unit <fourbitadder>.
    Related source file is "fourbitadder.v".
Unit <fourbitadder> synthesized.


=========================================================================
*                       Advanced HDL Synthesis                          *
=========================================================================

Advanced RAM inference ...
Advanced multiplier inference ...
Advanced Registered AddSub inference ...
Dynamic shift register inference ...

=========================================================================
HDL Synthesis Report

Macro Statistics
# Xors                             : 8
 1-bit xor2                        : 8

=========================================================================

=========================================================================
*                         Low Level Synthesis                           *
=========================================================================

Optimizing unit <fourbitadder> ...
Loading device for application Rf_Device from file 'v200.nph' in environment C:/Xilinx.

Mapping all equations...
Building and optimizing final netlist ...
Found area constraint ratio of 100 (+ 5) on block fourbitadder, actual ratio is 0.

=========================================================================
*                            Final Report                               *
=========================================================================
Final Results
RTL Top Level Output File Name     : fourbitadder.ngr
Top Level Output File Name         : fourbitadder
Output Format                      : NGC
Optimization Goal                  : Speed
Keep Hierarchy                     : NO

Design Statistics
# IOs                              : 14

Cell Usage :
# BELS                             : 9
#      LUT2                        : 1
#      LUT3                        : 7
#      LUT4                        : 1
# IO Buffers                       : 14
#      IBUF                        : 9
#      OBUF                        : 5
=========================================================================

Device utilization summary:
---------------------------

Selected Device : 2s200pq208-6 

 Number of Slices:                       5  out of   2352     0%  
 Number of 4 input LUTs:                 9  out of   4704     0%  
 Number of bonded IOBs:                 14  out of    144     9%  


=========================================================================
TIMING REPORT

NOTE: THESE TIMING NUMBERS ARE ONLY A SYNTHESIS ESTIMATE.
      FOR ACCURATE TIMING INFORMATION PLEASE REFER TO THE TRACE REPORT
      GENERATED AFTER PLACE-and-ROUTE.

Clock Information:
------------------
No clock signals found in this design

Timing Summary:
---------------
Speed Grade: -6

   Minimum period: No path found
   Minimum input arrival time before clock: No path found
   Maximum output required time after clock: No path found
   Maximum combinational path delay: 13.454ns

Timing Detail:
--------------
All values displayed in nanoseconds (ns)

=========================================================================
Timing constraint: Default path analysis
  Total number of paths / destination ports: 33 / 5
-------------------------------------------------------------------------
Delay:               13.454ns (Levels of Logic = 6)
  Source:            cin (PAD)
  Destination:       C (PAD)

  Data Path: cin to C
                                Gate     Net
    Cell:in->out      fanout   Delay   Delay  Logical Name (Net Name)
    ----------------------------------------  ------------
     IBUF:I->O             3   0.776   1.332  cin_IBUF (cin_IBUF)
     LUT3:I0->O            1   0.549   1.035  FA1/C_SW0 (N12)
     LUT3:I2->O            2   0.549   1.206  FA1/C (C2)
     LUT3:I1->O            2   0.549   1.206  Ker01 (N01)
     LUT3:I2->O            1   0.549   1.035  FA3/HA2/Mxor_S_Result1 (S_3_OBUF)
     OBUF:I->O                 4.668          S_3_OBUF (S<3>)
    ----------------------------------------
    Total                     13.454ns (7.640ns logic, 5.814ns route)
                                       (56.8% logic, 43.2% route)

=========================================================================
CPU : 11.77 / 14.95 s | Elapsed : 12.00 / 14.00 s
 
--> 

Total memory usage is 87024 kilobytes

Number of errors   :    0 (   0 filtered)
Number of warnings :    3 (   0 filtered)
Number of infos    :    0 (   0 filtered)

