         ps       /deny3test1/a  /deny3test1/TX_FILE                      
          delta     /deny3test1/b            /deny3test1/TX_ERROR         
                      /deny3test1/c                                       
                          /deny3test1/F                                   
                                                                          
          0  +0               0 0 0 StX            2            0 
          0  +3               0 0 0 St0            2            0 
     200000  +0               0 0 1 St0            2            0 
     200000  +3               0 0 1 St1            2            0 
     300000  +0               0 1 0 St1            2            0 
     300000  +3               0 1 0 St0            2            0 
     400000  +0               0 1 1 St0            2            0 
     500000  +0               1 0 0 St0            2            0 
     600000  +0               1 0 1 St0            2            0 
     600000  +3               1 0 1 St1            2            0 
     700000  +0               1 1 0 St1            2            0 
     800000  +0               1 1 1 St1            2            0 
     900000  +0               0 0 0 St1            2            0 
     900000  +3               0 0 0 St0            2            0 
