         ps       /test/a   /test/F                      
          delta     /test/b       /test/TX_ERROR         
                      /test/c                            
                        /test/d                          
          0  +0         0 0 0 0 StX            0 
          0  +3         0 0 0 0 St1            0 
     200000  +0         0 0 0 1 St1            0 
     400000  +0         0 0 0 0 St1            0 
     500000  +0         1 0 0 0 St1            0 
     500000  +3         1 0 0 0 St0            0 
     600000  +0         1 0 0 1 St0            0 
     600000  +4         1 0 0 1 St1            0 
     800000  +0         1 0 0 0 St1            0 
     800000  +4         1 0 0 0 St0            0 
     900000  +0         0 0 0 0 St0            0 
     900000  +3         0 0 0 0 St1            0 
    1000000  +0         1 0 0 0 St1            0 
    1000000  +3         1 0 0 0 St0            0 
    1100000  +0         1 1 1 0 St0            0 
    1200000  +0         0 1 0 1 St0            0 
    1200000  +4         0 1 0 1 St1            0 
    1300000  +0         1 1 0 0 St1            0 
    1300000  +4         1 1 0 0 St0            0 
    1400000  +0         0 0 0 0 St0            0 
    1400000  +3         0 0 0 0 St1            0 
    1500000  +0         0 0 1 1 St1            0 
    1500000  +3         0 0 1 1 St0            0 
    1600000  +0         0 0 1 0 St0            0 
    1700000  +0         0 0 0 0 St0            0 
    1700000  +3         0 0 0 0 St1            0 
