         ps       /test/mclk   /test/TX_ERROR      
          delta          /test/F                   
          0  +0            0 StX            0 
          0  +4            0 St1            0 
     100000  +0            1 St1            0 
     200000  +0            0 St1            0 
     300000  +0            1 St1            0 
     300100  +2            1 St0            0 
     400000  +0            0 St0            0 
     500000  +0            1 St0            0 
     500100  +2            1 St1            0 
     600000  +0            0 St1            0 
     700000  +0            1 St1            0 
     700100  +2            1 St0            0 
     800000  +0            0 St0            0 
     900000  +0            1 St0            0 
     900100  +2            1 St1            0 
    1000000  +0            0 St1            0 
    1100000  +0            1 St1            0 
    1100100  +2            1 St0            0 
    1200000  +0            0 St0            0 
    1300000  +0            1 St0            0 
    1300100  +2            1 St1            0 
    1400000  +0            0 St1            0 
    1500000  +0            1 St1            0 
    1500100  +2            1 St0            0 
    1600000  +0            0 St0            0 
    1700000  +0            1 St0            0 
    1700100  +2            1 St1            0 
    1800000  +0            0 St1            0 
    1900000  +0            1 St1            0 
    1900100  +2            1 St0            0 
    2000000  +0            0 St0            0 
    2100000  +0            1 St0            0 
    2100100  +2            1 St1            0 
