MO orgate NULL fourbitadder2.v vlg3A/orgate.bin 1162389404
MO fourbitadder1 NULL forbitadder1.v vlg60/fourbitadder1.bin 1162386276
MO fourbitadder2 NULL fourbitadder2.v vlg61/fourbitadder2.bin 1162389407
MO fadder NULL forbitadder1.v vlg72/fadder.bin 1162386275
MO fadderstr NULL fourbitadder2.v vlg1B/fadderstr.bin 1162389406
MO invgate NULL fourbitadder2.v vlg7A/invgate.bin 1162389405
MO andgate NULL fourbitadder2.v vlg40/andgate.bin 1162389403
