MO M2_1_MXILINX_sema2 NULL sema2.vf vlg6E/_m2__1___m_x_i_l_i_n_x__sema2.bin 1153822679
MO M4_1E_MXILINX_sema3 NULL sema3.vf vlg42/_m4__1_e___m_x_i_l_i_n_x__sema3.bin 1153822816
MO M2_1E_MXILINX_sema3 NULL sema3.vf vlg38/_m2__1_e___m_x_i_l_i_n_x__sema3.bin 1153822816
MO sema1 NULL sema1.vf vlg4F/sema1.bin 1153822324
MO sema2 NULL sema2.vf vlg50/sema2.bin 1153822679
MO sema3 NULL sema3.vf vlg51/sema3.bin 1153822816
MO D2_4E_MXILINX_sema3 NULL sema3.vf vlg3E/_d2__4_e___m_x_i_l_i_n_x__sema3.bin 1153822816
