MO M2_1E_MXILINX_sematik NULL sematik.vf vlg49/_m2__1_e___m_x_i_l_i_n_x__sematik.bin 1165411507
MO D2_4E_MXILINX_sematik NULL sematik.vf vlg5F/_d2__4_e___m_x_i_l_i_n_x__sematik.bin 1165411507
MO sematik NULL sematik.vf vlg3A/sematik.bin 1165411507
MO M4_1E_MXILINX_sematik NULL sematik.vf vlg43/_m4__1_e___m_x_i_l_i_n_x__sematik.bin 1165411507
