         ps       /test1/a  /test1/F                      
          delta     /test1/b      /test1/TX_ERROR         
                      /test1/c                            
                        /test1/d                          
                                                          
          0  +0          0 0 0 0 StX            0 
          0  +5          0 0 0 0 St1            0 
     200000  +0          0 0 0 1 St1            0 
     300000  +0          0 0 1 0 St1            0 
     300000  +5          0 0 1 0 St0            0 
     400000  +0          0 0 1 1 St0            0 
     500000  +0          0 1 0 0 St0            0 
     600000  +0          0 1 0 1 St0            0 
     600000  +4          0 1 0 1 St1            0 
     700000  +0          0 1 1 0 St1            0 
     700000  +4          0 1 1 0 St0            0 
     800000  +0          0 1 1 1 St0            0 
     900000  +0          1 0 0 0 St0            0 
    1000000  +0          1 0 0 1 St0            0 
    1000000  +4          1 0 0 1 St1            0 
    1100000  +0          1 0 1 0 St1            0 
    1100000  +4          1 0 1 0 St0            0 
    1200000  +0          1 0 1 1 St0            0 
    1200000  +4          1 0 1 1 St1            0 
    1300000  +0          1 1 0 0 St1            0 
    1300000  +4          1 1 0 0 St0            0 
    1400000  +0          1 1 0 1 St0            0 
    1400000  +4          1 1 0 1 St1            0 
    1500000  +0          1 1 1 0 St1            0 
    1500000  +4          1 1 1 0 St0            0 
    1600000  +0          1 1 1 1 St0            0 
    1600000  +4          1 1 1 1 St1            0 
