--------------------------------------------------------------------------------
Release 7.1i Trace H.38
Copyright (c) 1995-2005 Xilinx, Inc.  All rights reserved.

C:/Xilinx/bin/nt/trce.exe -ise c:\deney7\deney7.ise -intstyle ise -e 3 -l 3 -s
6 -xml sema3 sema3.ncd -o sema3.twr sema3.pcf


Design file:              sema3.ncd
Physical constraint file: sema3.pcf
Device,speed:             xc2s200,-6 (PRODUCTION 1.27 2005-01-22)
Report level:             error report

Environment Variable      Effect 
--------------------      ------ 
NONE                      No environment variables were set
--------------------------------------------------------------------------------

INFO:Timing:2698 - No timing constraints found, doing default enumeration.
INFO:Timing:2752 - To get complete path coverage, use the unconstrained paths
   option. All paths that are not constrained will be reported in the
   unconstrained paths section(s) of the report.


Data Sheet report:
-----------------
All values displayed in nanoseconds (ns)

Pad to Pad
---------------+---------------+---------+
Source Pad     |Destination Pad|  Delay  |
---------------+---------------+---------+
a              |F              |   10.718|
b              |F              |   10.635|
c              |F              |   10.191|
d              |F              |    9.977|
---------------+---------------+---------+

Analysis completed Tue Jul 25 13:20:29 2006
--------------------------------------------------------------------------------



Peak Memory Usage: 68 MB
